Caspar WASM Creature Deployment
================================

============================================================
  Node: node1 (127.0.0.1:8074)
============================================================
  Logged in: 1@global
  Deploying namespace creatures...
    chain: missing_wasm (size=0, program=, 0.00s)
    elpify-chain: missing_wasm (size=0, program=, 0.00s)
    invites: missing_wasm (size=0, program=, 0.00s)
    pc: missing_wasm (size=0, program=, 0.00s)
    storage: missing_wasm (size=0, program=, 0.00s)
    stores: missing_wasm (size=0, program=, 0.00s)
  Deploying endpoint creatures...

  0 WASM modules deployed successfully.

============================================================
  Node: node2 (127.0.0.1:8174)
============================================================
  Logged in: 1@global
  Deploying namespace creatures...
    chain: missing_wasm (size=0, program=, 0.00s)
    elpify-chain: missing_wasm (size=0, program=, 0.00s)
    invites: missing_wasm (size=0, program=, 0.00s)
    pc: missing_wasm (size=0, program=, 0.00s)
    storage: missing_wasm (size=0, program=, 0.00s)
    stores: missing_wasm (size=0, program=, 0.00s)
  Deploying endpoint creatures...

  0 WASM modules deployed successfully.

============================================================
  Node: node3 (127.0.0.1:8274)
============================================================
  Logged in: 1@global
  Deploying namespace creatures...
    chain: missing_wasm (size=0, program=, 0.00s)
    elpify-chain: missing_wasm (size=0, program=, 0.00s)
    invites: missing_wasm (size=0, program=, 0.00s)
    pc: missing_wasm (size=0, program=, 0.00s)
    storage: missing_wasm (size=0, program=, 0.00s)
    stores: missing_wasm (size=0, program=, 0.00s)
  Deploying endpoint creatures...

  0 WASM modules deployed successfully.


Deployment Summary
==================
  node1: completed | 0 deployed | 0 errors
  node2: completed | 0 deployed | 0 errors
  node3: completed | 0 deployed | 0 errors

Report: /home/runner/deployment_report.json
