======================================================================
  Caspar DecillionAI — Complex Creature Workflow Tests
======================================================================
  Nodes: ['node1', 'node2', 'node3']
  MASM:  ['fib.masm', 'hash.masm', 'hello.masm']

  Connecting to node1 (127.0.0.1:8074) …
  Authenticated as 1@global
  Connecting to node2 (127.0.0.1:8174) …
  Authenticated as 1@global
  Connecting to node3 (127.0.0.1:8274) …
  Authenticated as 1@global

──────────────────────────────────────────────────────────────────────
  Workflow 1: chain  [node1]
──────────────────────────────────────────────────────────────────────
  [✓] create workchain                                      102.8 ms
  [✓] createShard                                            94.9 ms
  [✓] registerNode                                          114.1 ms
  [✓] submitBaseTrx                                         165.9 ms

──────────────────────────────────────────────────────────────────────
  Workflow 2: stores  [node1]
──────────────────────────────────────────────────────────────────────
  [✓] create store                                          125.7 ms
  [✓] list stores                                           115.8 ms
  [✓] join store                                             99.9 ms
  [✓] get store                                              98.9 ms

──────────────────────────────────────────────────────────────────────
  Workflow 3: storage  [node1]
──────────────────────────────────────────────────────────────────────
  [✓] upload user entity                                     96.9 ms
  [✓] download entity                                       121.9 ms
  [✓] delete entity                                         119.6 ms

──────────────────────────────────────────────────────────────────────
  Workflow 4: invites  [node1]
──────────────────────────────────────────────────────────────────────
  [✓] create invite                                          92.1 ms
  [✓] listUserInvites                                       119.8 ms
  [✓] listStoreInvites                                      120.9 ms

──────────────────────────────────────────────────────────────────────
  Workflow 6: elpify-chain  [node1]
──────────────────────────────────────────────────────────────────────
  [✓] stake node1 (100)                                      91.3 ms
  [✓] stake node2 (200)                                     104.1 ms
  [✓] stake node3 (300)                                     120.0 ms
  [✓] commit (1@global)                                      95.5 ms
  [✓] commit (validator-2-1@gl)                             118.0 ms
  [✓] commit (validator-3-1@gl)                             123.7 ms
  [✓] reveal (1@global)                                     121.5 ms
  [✓] reveal (validator-2-1@gl)                             115.0 ms
  [✓] reveal (validator-3-1@gl)                             113.9 ms
  [✓] electionTick                                          119.0 ms
    → Elected 3 validators
  [✓] status query                                          122.3 ms
  [✓] executeTrx:fib                                        118.3 ms
  [✓] executeTrx:hash                                       139.6 ms
  [✓] executeTrx:hello                                      139.9 ms
  [✓] tally:fib                                             122.2 ms
  [✓] tally:hash                                            115.8 ms

──────────────────────────────────────────────────────────────────────
  Workflow 7: cross-creature orchestration  [node1]
──────────────────────────────────────────────────────────────────────
  [✓] chain:createFromStore                                 115.5 ms
  [✓] stores:history                                         93.8 ms
  [✓] storage:uploadStoreEntity(chain proof)                 94.8 ms
  [✓] elpify-chain:status(via store context)                 97.9 ms
  [✓] invites:create(cross-store)                           117.9 ms
  [✓] chain:submitBaseTrx(elpify proof)                     114.8 ms

──────────────────────────────────────────────────────────────────────
  Workflow 8: throughput / TPS  [node1]
──────────────────────────────────────────────────────────────────────
  [8a] Per-creature sequential TPS …
  [✓] elpify-chain:status n=20                             1949.4 ms
    elpify-chain:status                      tps= 10.26  p50=   96.5ms  p99=  114.7ms  ok=100%
  [✓] chain:submitBaseTrx n=20                             1875.9 ms
    chain:submitBaseTrx               tps= 10.66  p50=   94.9ms  p99=  100.0ms  ok=100%
  [✓] stores:list n=20                                     2154.7 ms
    stores:list                        tps=  9.28  p50=  114.0ms  p99=  126.9ms  ok=100%
  [✓] stores:create n=20                                   2216.1 ms
    stores:create                      tps=  9.02  p50=  116.6ms  p99=  123.0ms  ok=100%
  [✓] storage:upload n=20                                  2019.0 ms
    storage:upload                      tps=  9.91  p50=   98.7ms  p99=  122.9ms  ok=100%
  [✓] storage:download n=20                                2157.8 ms
    storage:download                    tps=  9.27  p50=  108.0ms  p99=  121.3ms  ok=100%
  [✓] invites:listUserInvites n=20                         2261.8 ms
    invites:listUserInvites             tps=  8.84  p50=  115.9ms  p99=  123.0ms  ok=100%
  [✓] invites:listStoreInvites n=20                        2261.2 ms
    invites:listStoreInvites            tps=  8.84  p50=  115.9ms  p99=  123.8ms  ok=100%

  [8b] On-chain elpify-chain executeTrx TPS (n=5, MASM) …
  [✓] elpify-chain:executeTrx(MASM) n=5                     589.4 ms
    elpify-chain:executeTrx  tps=8.484  p50=116.4ms  p99=124.7ms

  [8c] Mixed workload (n=30, interleaved namespaces) …
  [✓] mixed-workload n=30                                  3518.8 ms
    mixed: tps=8.53  mean=117.2ms  p50=119.2ms  p99=141.9ms  errs=0

  [8d] Concurrent burst (10 parallel connections) …
  [✓] concurrent-burst n=10 threads                         889.4 ms
    concurrent: tps=11.24  p50=775.0ms  p99=881.2ms  errs=0

──────────────────────────────────────────────────────────────────────
  Workflow 1: chain  [node2]
──────────────────────────────────────────────────────────────────────
  [✓] create workchain                                       99.1 ms
  [✓] createShard                                            94.9 ms
  [✓] registerNode                                          119.2 ms
  [✓] submitBaseTrx                                         117.2 ms

──────────────────────────────────────────────────────────────────────
  Workflow 2: stores  [node2]
──────────────────────────────────────────────────────────────────────
  [✓] create store                                          100.8 ms
  [✓] list stores                                           118.7 ms
  [✓] join store                                            100.4 ms
  [✓] get store                                              99.0 ms

──────────────────────────────────────────────────────────────────────
  Workflow 3: storage  [node2]
──────────────────────────────────────────────────────────────────────
  [✓] upload user entity                                     94.4 ms
  [✓] download entity                                       116.0 ms
  [✓] delete entity                                         113.1 ms

──────────────────────────────────────────────────────────────────────
  Workflow 4: invites  [node2]
──────────────────────────────────────────────────────────────────────
  [✓] create invite                                         119.9 ms
  [✓] listUserInvites                                       116.6 ms
  [✓] listStoreInvites                                      116.9 ms

──────────────────────────────────────────────────────────────────────
  Workflow 6: elpify-chain  [node2]
──────────────────────────────────────────────────────────────────────
  [✓] stake node1 (100)                                      99.7 ms
  [✓] stake node2 (200)                                      94.9 ms
  [✓] stake node3 (300)                                      96.8 ms
  [✓] commit (1@global)                                      99.9 ms
  [✓] commit (validator-2-1@gl)                             119.8 ms
  [✓] commit (validator-3-1@gl)                             121.6 ms
  [✓] reveal (1@global)                                     119.1 ms
  [✓] reveal (validator-2-1@gl)                             119.0 ms
  [✓] reveal (validator-3-1@gl)                             120.7 ms
  [✓] electionTick                                          121.1 ms
    → Elected 3 validators
  [✓] status query                                          119.3 ms
  [✓] executeTrx:fib                                        143.5 ms
  [✓] executeTrx:hash                                       117.9 ms
  [✓] executeTrx:hello                                      144.7 ms
  [✓] tally:fib                                             122.0 ms
  [✓] tally:hash                                            115.9 ms

──────────────────────────────────────────────────────────────────────
  Workflow 7: cross-creature orchestration  [node2]
──────────────────────────────────────────────────────────────────────
  [✓] chain:createFromStore                                 118.9 ms
  [✓] stores:history                                        108.9 ms
  [✓] storage:uploadStoreEntity(chain proof)                120.9 ms
  [✓] elpify-chain:status(via store context)                120.7 ms
  [✓] invites:create(cross-store)                           108.0 ms
  [✓] chain:submitBaseTrx(elpify proof)                      97.1 ms

──────────────────────────────────────────────────────────────────────
  Workflow 8: throughput / TPS  [node2]
──────────────────────────────────────────────────────────────────────
  [8a] Per-creature sequential TPS …
  [✓] elpify-chain:status n=20                             2034.3 ms
    elpify-chain:status                      tps=  9.83  p50=   98.8ms  p99=  118.4ms  ok=100%
  [✓] chain:submitBaseTrx n=20                             1965.7 ms
    chain:submitBaseTrx               tps= 10.17  p50=   96.9ms  p99=  117.9ms  ok=100%
  [✓] stores:list n=20                                     2183.0 ms
    stores:list                        tps=  9.16  p50=  115.9ms  p99=  123.9ms  ok=100%
  [✓] stores:create n=20                                   2166.3 ms
    stores:create                      tps=  9.23  p50=  113.9ms  p99=  122.3ms  ok=100%
  [✓] storage:upload n=20                                  2101.6 ms
    storage:upload                      tps=  9.52  p50=  101.1ms  p99=  122.0ms  ok=100%
  [✓] storage:download n=20                                2101.9 ms
    storage:download                    tps=  9.52  p50=  100.2ms  p99=  116.9ms  ok=100%
  [✓] invites:listUserInvites n=20                         2187.7 ms
    invites:listUserInvites             tps=  9.14  p50=  114.8ms  p99=  124.6ms  ok=100%
  [✓] invites:listStoreInvites n=20                        2277.1 ms
    invites:listStoreInvites            tps=  8.78  p50=  117.8ms  p99=  126.0ms  ok=100%

  [8b] On-chain elpify-chain executeTrx TPS (n=5, MASM) …
  [✓] elpify-chain:executeTrx(MASM) n=5                     578.5 ms
    elpify-chain:executeTrx  tps=8.644  p50=116.1ms  p99=118.1ms

  [8c] Mixed workload (n=30, interleaved namespaces) …
  [✓] mixed-workload n=30                                  3526.6 ms
    mixed: tps=8.51  mean=117.5ms  p50=120.0ms  p99=145.1ms  errs=0

  [8d] Concurrent burst (10 parallel connections) …
  [✓] concurrent-burst n=10 threads                         883.6 ms
    concurrent: tps=11.32  p50=755.4ms  p99=870.9ms  errs=0

──────────────────────────────────────────────────────────────────────
  Workflow 1: chain  [node3]
──────────────────────────────────────────────────────────────────────
  [✓] create workchain                                      122.0 ms
  [✓] createShard                                           114.6 ms
  [✓] registerNode                                           87.9 ms
  [✓] submitBaseTrx                                         115.9 ms

──────────────────────────────────────────────────────────────────────
  Workflow 2: stores  [node3]
──────────────────────────────────────────────────────────────────────
  [✓] create store                                           98.6 ms
  [✓] list stores                                           119.1 ms
  [✓] join store                                             91.9 ms
  [✓] get store                                              97.1 ms

──────────────────────────────────────────────────────────────────────
  Workflow 3: storage  [node3]
──────────────────────────────────────────────────────────────────────
  [✓] upload user entity                                     99.1 ms
  [✓] download entity                                       117.4 ms
  [✓] delete entity                                         117.8 ms

──────────────────────────────────────────────────────────────────────
  Workflow 4: invites  [node3]
──────────────────────────────────────────────────────────────────────
  [✓] create invite                                         103.4 ms
  [✓] listUserInvites                                       124.5 ms
  [✓] listStoreInvites                                      117.9 ms

──────────────────────────────────────────────────────────────────────
  Workflow 6: elpify-chain  [node3]
──────────────────────────────────────────────────────────────────────
  [✓] stake node1 (100)                                     120.3 ms
  [✓] stake node2 (200)                                      93.5 ms
  [✓] stake node3 (300)                                      91.9 ms
  [✓] commit (1@global)                                     113.1 ms
  [✓] commit (validator-2-1@gl)                             116.0 ms
  [✓] commit (validator-3-1@gl)                              97.5 ms
  [✓] reveal (1@global)                                     106.4 ms
  [✓] reveal (validator-2-1@gl)                             120.1 ms
  [✓] reveal (validator-3-1@gl)                             116.9 ms
  [✓] electionTick                                          117.9 ms
    → Elected 3 validators
  [✓] status query                                          120.9 ms
  [✓] executeTrx:fib                                        130.7 ms
  [✓] executeTrx:hash                                       117.9 ms
  [✓] executeTrx:hello                                      137.8 ms
  [✓] tally:fib                                             119.9 ms
  [✓] tally:hash                                            116.7 ms

──────────────────────────────────────────────────────────────────────
  Workflow 7: cross-creature orchestration  [node3]
──────────────────────────────────────────────────────────────────────
  [✓] chain:createFromStore                                 121.2 ms
  [✓] stores:history                                         99.6 ms
  [✓] storage:uploadStoreEntity(chain proof)                 93.0 ms
  [✓] elpify-chain:status(via store context)                 94.9 ms
  [✓] invites:create(cross-store)                           110.7 ms
  [✓] chain:submitBaseTrx(elpify proof)                      96.0 ms

──────────────────────────────────────────────────────────────────────
  Workflow 8: throughput / TPS  [node3]
──────────────────────────────────────────────────────────────────────
  [8a] Per-creature sequential TPS …
  [✓] elpify-chain:status n=20                             1912.2 ms
    elpify-chain:status                      tps= 10.46  p50=   96.9ms  p99=  103.2ms  ok=100%
  [✓] chain:submitBaseTrx n=20                             1997.9 ms
    chain:submitBaseTrx               tps= 10.01  p50=   97.1ms  p99=  118.4ms  ok=100%
  [✓] stores:list n=20                                     2225.9 ms
    stores:list                        tps=  8.98  p50=  115.9ms  p99=  121.0ms  ok=100%
  [✓] stores:create n=20                                   2219.1 ms
    stores:create                      tps=  9.01  p50=  116.7ms  p99=  121.9ms  ok=100%
  [✓] storage:upload n=20                                  1968.0 ms
    storage:upload                      tps= 10.16  p50=   97.9ms  p99=  114.9ms  ok=100%
  [✓] storage:download n=20                                2157.0 ms
    storage:download                    tps=  9.27  p50=  112.1ms  p99=  123.4ms  ok=100%
  [✓] invites:listUserInvites n=20                         2246.0 ms
    invites:listUserInvites             tps=  8.90  p50=  116.9ms  p99=  143.4ms  ok=100%
  [✓] invites:listStoreInvites n=20                        2254.0 ms
    invites:listStoreInvites            tps=  8.87  p50=  115.9ms  p99=  130.4ms  ok=100%

  [8b] On-chain elpify-chain executeTrx TPS (n=5, MASM) …
  [✓] elpify-chain:executeTrx(MASM) n=5                     591.7 ms
    elpify-chain:executeTrx  tps=8.451  p50=117.0ms  p99=121.5ms

  [8c] Mixed workload (n=30, interleaved namespaces) …
  [✓] mixed-workload n=30                                  3432.1 ms
    mixed: tps=8.74  mean=114.3ms  p50=113.4ms  p99=143.7ms  errs=0

  [8d] Concurrent burst (10 parallel connections) …
  [✓] concurrent-burst n=10 threads                         853.2 ms
    concurrent: tps=11.72  p50=729.8ms  p99=834.7ms  errs=0

──────────────────────────────────────────────────────────────────────
  Workflow 9: federation cross-node propagation
──────────────────────────────────────────────────────────────────────
  [✓] chain:create on node1                                  96.0 ms
  [✓] chain:submitBaseTrx on node1                          117.1 ms
  [✓] elpify-chain:status on node2                          101.6 ms
  [✓] elpify-chain:status on node3                          114.7 ms

──────────────────────────────────────────────────────────────────────
  Workflow 10: concurrent load + resource KPIs  [node1]
──────────────────────────────────────────────────────────────────────
  Monitoring node pids: none (resource KPIs unavailable)

  [10a] WASM execution load — elpify-chain:status (reqs/conn=20)
    c=1   n=20   tps=   10.10  p50=    97.5ms  p99=   119.6ms  err=0    cpu=—%/core  rssPeak=—MB
    c=4   n=80   tps=   15.46  p50=   257.8ms  p99=   372.7ms  err=0    cpu=—%/core  rssPeak=—MB
    c=8   n=160  tps=   13.87  p50=   549.5ms  p99=   830.4ms  err=0    cpu=—%/core  rssPeak=—MB
    c=16  n=320  tps=   12.73  p50=  1222.3ms  p99=  1820.2ms  err=0    cpu=—%/core  rssPeak=—MB
    c=32  n=640  tps=    9.96  p50=  3168.9ms  p99=  4649.3ms  err=0    cpu=—%/core  rssPeak=—MB

  [10b] MASM execution load — elpify-chain:executeTrx (STARK proof, reqs/conn=5)
    c=1   n=5    tps=    8.43  p50=   118.0ms  p99=   121.9ms  err=0    cpu=—%/core  rssPeak=—MB
    c=2   n=10   tps=    9.83  p50=   194.0ms  p99=   275.9ms  err=0    cpu=—%/core  rssPeak=—MB
    c=4   n=20   tps=   12.56  p50=   283.2ms  p99=   508.3ms  err=0    cpu=—%/core  rssPeak=—MB
    c=8   n=40   tps=   12.70  p50=   619.2ms  p99=   960.1ms  err=0    cpu=—%/core  rssPeak=—MB
  [✓] wasm:status c=1 (n=20)                               1979.8 ms
  [✓] wasm:status c=4 (n=80)                               5175.7 ms
  [✓] wasm:status c=8 (n=160)                             11536.9 ms
  [✓] wasm:status c=16 (n=320)                            25138.7 ms
  [✓] wasm:status c=32 (n=640)                            64243.0 ms
  [✓] masm:executeTrx c=1 (n=5)                             593.1 ms
  [✓] masm:executeTrx c=2 (n=10)                           1017.6 ms
  [✓] masm:executeTrx c=4 (n=20)                           1591.8 ms
  [✓] masm:executeTrx c=8 (n=40)                           3150.0 ms

======================================================================
  TOTAL: 154/154 steps passed
  Results : /home/runner/workflow_results.json
  Report  : /home/runner/workflow_report.md
======================================================================
