======================================================================
  Caspar DecillionAI — Complex Creature Workflow Tests
======================================================================
  Nodes: ['node1', 'node2', 'node3']
  MASM:  ['fib.masm', 'hash.masm', 'hello.masm']

  Connecting to node1 (127.0.0.1:8074) …
  Authenticated as 1@global
  Connecting to node2 (127.0.0.1:8174) …
  Authenticated as 1@global
  Connecting to node3 (127.0.0.1:8274) …
  Authenticated as 1@global

──────────────────────────────────────────────────────────────────────
  Workflow 1: chain  [node1]
──────────────────────────────────────────────────────────────────────
  [✓] create workchain                                      131.3 ms
  [✓] createShard                                           115.1 ms
  [✓] registerNode                                          165.6 ms
  [✓] submitBaseTrx                                         138.1 ms

──────────────────────────────────────────────────────────────────────
  Workflow 2: stores  [node1]
──────────────────────────────────────────────────────────────────────
  [✓] create store                                          126.7 ms
  [✓] list stores                                           147.0 ms
  [✓] join store                                            128.1 ms
  [✓] get store                                             127.4 ms

──────────────────────────────────────────────────────────────────────
  Workflow 3: storage  [node1]
──────────────────────────────────────────────────────────────────────
  [✓] upload user entity                                    134.1 ms
  [✓] download entity                                       139.9 ms
  [✓] delete entity                                         156.1 ms

──────────────────────────────────────────────────────────────────────
  Workflow 4: invites  [node1]
──────────────────────────────────────────────────────────────────────
  [✓] create invite                                         107.7 ms
  [✓] listUserInvites                                       122.0 ms
  [✓] listStoreInvites                                      119.9 ms

──────────────────────────────────────────────────────────────────────
  Workflow 6: elpify-chain  [node1]
──────────────────────────────────────────────────────────────────────
  [✓] stake node1 (100)                                     130.0 ms
  [✓] stake node2 (200)                                     116.6 ms
  [✓] stake node3 (300)                                     107.7 ms
  [✓] commit (1@global)                                     127.0 ms
  [✓] commit (validator-2-1@gl)                             135.0 ms
  [✓] commit (validator-3-1@gl)                             151.8 ms
  [✓] reveal (1@global)                                     115.2 ms
  [✓] reveal (validator-2-1@gl)                             132.4 ms
  [✓] reveal (validator-3-1@gl)                             136.7 ms
  [✓] electionTick                                          149.1 ms
    → Elected 3 validators
  [✓] status query                                          147.8 ms
  [✓] executeTrx:fib                                        149.0 ms
  [✓] executeTrx:hash                                       153.5 ms
  [✓] executeTrx:hello                                      168.2 ms
  [✓] tally:fib                                             153.5 ms
  [✓] tally:hash                                            153.9 ms

──────────────────────────────────────────────────────────────────────
  Workflow 7: cross-creature orchestration  [node1]
──────────────────────────────────────────────────────────────────────
  [✓] chain:createFromStore                                 127.6 ms
  [✓] stores:history                                        129.8 ms
  [✓] storage:uploadStoreEntity(chain proof)                130.9 ms
  [✓] elpify-chain:status(via store context)                120.9 ms
  [✓] invites:create(cross-store)                           121.9 ms
  [✓] chain:submitBaseTrx(elpify proof)                     129.7 ms

──────────────────────────────────────────────────────────────────────
  Workflow 8: throughput / TPS  [node1]
──────────────────────────────────────────────────────────────────────
  [8a] Per-creature sequential TPS …
  [✓] elpify-chain:status n=20                             2446.0 ms
    elpify-chain:status                      tps=  8.18  p50=  127.6ms  p99=  140.5ms  ok=100%
  [✓] chain:submitBaseTrx n=20                             2432.0 ms
    chain:submitBaseTrx               tps=  8.22  p50=  126.2ms  p99=  133.9ms  ok=100%
  [✓] stores:list n=20                                     2582.7 ms
    stores:list                        tps=  7.74  p50=  128.6ms  p99=  140.9ms  ok=100%
  [✓] stores:create n=20                                   2605.3 ms
    stores:create                      tps=  7.68  p50=  130.2ms  p99=  148.8ms  ok=100%
  [✓] storage:upload n=20                                  2549.0 ms
    storage:upload                      tps=  7.85  p50=  128.6ms  p99=  136.2ms  ok=100%
  [✓] storage:download n=20                                2550.6 ms
    storage:download                    tps=  7.84  p50=  128.2ms  p99=  137.0ms  ok=100%
  [✓] invites:listUserInvites n=20                         2555.0 ms
    invites:listUserInvites             tps=  7.83  p50=  128.0ms  p99=  136.7ms  ok=100%
  [✓] invites:listStoreInvites n=20                        3552.0 ms
    invites:listStoreInvites            tps=  5.63  p50=  160.0ms  p99=  312.0ms  ok=100%

  [8b] On-chain elpify-chain executeTrx TPS (n=5, MASM) …
  [✓] elpify-chain:executeTrx(MASM) n=5                     695.6 ms
    elpify-chain:executeTrx  tps=7.188  p50=142.9ms  p99=146.8ms

  [8c] Mixed workload (n=30, interleaved namespaces) …
  [✓] mixed-workload n=30                                  4100.9 ms
    mixed: tps=7.32  mean=136.6ms  p50=130.7ms  p99=179.4ms  errs=0

  [8d] Concurrent burst (10 parallel connections) …
  [✓] concurrent-burst n=10 threads                        1022.8 ms
    concurrent: tps=9.78  p50=887.2ms  p99=974.8ms  errs=0

──────────────────────────────────────────────────────────────────────
  Workflow 1: chain  [node2]
──────────────────────────────────────────────────────────────────────
  [✓] create workchain                                      116.5 ms
  [✓] createShard                                           114.7 ms
  [✓] registerNode                                          123.9 ms
  [✓] submitBaseTrx                                         123.2 ms

──────────────────────────────────────────────────────────────────────
  Workflow 2: stores  [node2]
──────────────────────────────────────────────────────────────────────
  [✓] create store                                          102.6 ms
  [✓] list stores                                           123.1 ms
  [✓] join store                                            128.7 ms
  [✓] get store                                             115.0 ms

──────────────────────────────────────────────────────────────────────
  Workflow 3: storage  [node2]
──────────────────────────────────────────────────────────────────────
  [✓] upload user entity                                    120.0 ms
  [✓] download entity                                       123.9 ms
  [✓] delete entity                                         103.8 ms

──────────────────────────────────────────────────────────────────────
  Workflow 4: invites  [node2]
──────────────────────────────────────────────────────────────────────
  [✓] create invite                                         122.0 ms
  [✓] listUserInvites                                       121.6 ms
  [✓] listStoreInvites                                      123.0 ms

──────────────────────────────────────────────────────────────────────
  Workflow 6: elpify-chain  [node2]
──────────────────────────────────────────────────────────────────────
  [✓] stake node1 (100)                                     124.8 ms
  [✓] stake node2 (200)                                     119.0 ms
  [✓] stake node3 (300)                                     126.8 ms
  [✓] commit (1@global)                                     126.2 ms
  [✓] commit (validator-2-1@gl)                             146.6 ms
  [✓] commit (validator-3-1@gl)                             122.9 ms
  [✓] reveal (1@global)                                     125.0 ms
  [✓] reveal (validator-2-1@gl)                             125.7 ms
  [✓] reveal (validator-3-1@gl)                             123.9 ms
  [✓] electionTick                                          146.9 ms
    → Elected 3 validators
  [✓] status query                                          150.9 ms
  [✓] executeTrx:fib                                        153.8 ms
  [✓] executeTrx:hash                                       150.9 ms
  [✓] executeTrx:hello                                      123.2 ms
  [✓] tally:fib                                             148.3 ms
  [✓] tally:hash                                            120.9 ms

──────────────────────────────────────────────────────────────────────
  Workflow 7: cross-creature orchestration  [node2]
──────────────────────────────────────────────────────────────────────
  [✓] chain:createFromStore                                 120.3 ms
  [✓] stores:history                                        105.4 ms
  [✓] storage:uploadStoreEntity(chain proof)                128.9 ms
  [✓] elpify-chain:status(via store context)                121.0 ms
  [✓] invites:create(cross-store)                           127.3 ms
  [✓] chain:submitBaseTrx(elpify proof)                     104.1 ms

──────────────────────────────────────────────────────────────────────
  Workflow 8: throughput / TPS  [node2]
──────────────────────────────────────────────────────────────────────
  [8a] Per-creature sequential TPS …
  [✓] elpify-chain:status n=20                             2287.7 ms
    elpify-chain:status                      tps=  8.74  p50=  118.7ms  p99=  131.9ms  ok=100%
  [✓] chain:submitBaseTrx n=20                             2313.8 ms
    chain:submitBaseTrx               tps=  8.64  p50=  121.9ms  p99=  128.1ms  ok=100%
  [✓] stores:list n=20                                     2486.0 ms
    stores:list                        tps=  8.05  p50=  124.0ms  p99=  138.0ms  ok=100%
  [✓] stores:create n=20                                   2446.2 ms
    stores:create                      tps=  8.18  p50=  123.9ms  p99=  134.9ms  ok=100%
  [✓] storage:upload n=20                                  2409.0 ms
    storage:upload                      tps=  8.30  p50=  121.9ms  p99=  132.2ms  ok=100%
  [✓] storage:download n=20                                2460.5 ms
    storage:download                    tps=  8.13  p50=  123.9ms  p99=  130.4ms  ok=100%
  [✓] invites:listUserInvites n=20                         2475.5 ms
    invites:listUserInvites             tps=  8.08  p50=  125.8ms  p99=  134.1ms  ok=100%
  [✓] invites:listStoreInvites n=20                        2530.0 ms
    invites:listStoreInvites            tps=  7.91  p50=  126.9ms  p99=  146.1ms  ok=100%

  [8b] On-chain elpify-chain executeTrx TPS (n=5, MASM) …
  [✓] elpify-chain:executeTrx(MASM) n=5                     689.6 ms
    elpify-chain:executeTrx  tps=7.250  p50=144.8ms  p99=145.8ms

  [8c] Mixed workload (n=30, interleaved namespaces) …
  [✓] mixed-workload n=30                                  4016.7 ms
    mixed: tps=7.47  mean=133.8ms  p50=127.0ms  p99=170.9ms  errs=0

  [8d] Concurrent burst (10 parallel connections) …
  [✓] concurrent-burst n=10 threads                         969.5 ms
    concurrent: tps=10.31  p50=857.1ms  p99=935.1ms  errs=0

──────────────────────────────────────────────────────────────────────
  Workflow 1: chain  [node3]
──────────────────────────────────────────────────────────────────────
  [✓] create workchain                                      123.0 ms
  [✓] createShard                                           128.7 ms
  [✓] registerNode                                          132.1 ms
  [✓] submitBaseTrx                                         123.8 ms

──────────────────────────────────────────────────────────────────────
  Workflow 2: stores  [node3]
──────────────────────────────────────────────────────────────────────
  [✓] create store                                          121.1 ms
  [✓] list stores                                           115.8 ms
  [✓] join store                                            134.9 ms
  [✓] get store                                             119.0 ms

──────────────────────────────────────────────────────────────────────
  Workflow 3: storage  [node3]
──────────────────────────────────────────────────────────────────────
  [✓] upload user entity                                    103.5 ms
  [✓] download entity                                       120.1 ms
  [✓] delete entity                                         135.9 ms

──────────────────────────────────────────────────────────────────────
  Workflow 4: invites  [node3]
──────────────────────────────────────────────────────────────────────
  [✓] create invite                                         115.3 ms
  [✓] listUserInvites                                       126.4 ms
  [✓] listStoreInvites                                      125.9 ms

──────────────────────────────────────────────────────────────────────
  Workflow 6: elpify-chain  [node3]
──────────────────────────────────────────────────────────────────────
  [✓] stake node1 (100)                                     131.9 ms
  [✓] stake node2 (200)                                     107.9 ms
  [✓] stake node3 (300)                                     109.4 ms
  [✓] commit (1@global)                                     122.3 ms
  [✓] commit (validator-2-1@gl)                             133.5 ms
  [✓] commit (validator-3-1@gl)                             122.5 ms
  [✓] reveal (1@global)                                     128.7 ms
  [✓] reveal (validator-2-1@gl)                             129.6 ms
  [✓] reveal (validator-3-1@gl)                             130.9 ms
  [✓] electionTick                                          147.9 ms
    → Elected 3 validators
  [✓] status query                                          151.7 ms
  [✓] executeTrx:fib                                        146.0 ms
  [✓] executeTrx:hash                                       143.3 ms
  [✓] executeTrx:hello                                      151.5 ms
  [✓] tally:fib                                             148.7 ms
  [✓] tally:hash                                            130.5 ms

──────────────────────────────────────────────────────────────────────
  Workflow 7: cross-creature orchestration  [node3]
──────────────────────────────────────────────────────────────────────
  [✓] chain:createFromStore                                 124.2 ms
  [✓] stores:history                                        100.0 ms
  [✓] storage:uploadStoreEntity(chain proof)                120.2 ms
  [✓] elpify-chain:status(via store context)                125.7 ms
  [✓] invites:create(cross-store)                           121.9 ms
  [✓] chain:submitBaseTrx(elpify proof)                     122.8 ms

──────────────────────────────────────────────────────────────────────
  Workflow 8: throughput / TPS  [node3]
──────────────────────────────────────────────────────────────────────
  [8a] Per-creature sequential TPS …
  [✓] elpify-chain:status n=20                             2316.0 ms
    elpify-chain:status                      tps=  8.64  p50=  121.9ms  p99=  131.2ms  ok=100%
  [✓] chain:submitBaseTrx n=20                             2292.0 ms
    chain:submitBaseTrx               tps=  8.73  p50=  116.5ms  p99=  131.6ms  ok=100%
  [✓] stores:list n=20                                     2516.5 ms
    stores:list                        tps=  7.95  p50=  125.9ms  p99=  152.8ms  ok=100%
  [✓] stores:create n=20                                   2405.8 ms
    stores:create                      tps=  8.31  p50=  121.9ms  p99=  175.0ms  ok=100%
  [✓] storage:upload n=20                                  2459.6 ms
    storage:upload                      tps=  8.13  p50=  124.8ms  p99=  130.1ms  ok=100%
  [✓] storage:download n=20                                2413.3 ms
    storage:download                    tps=  8.29  p50=  123.0ms  p99=  127.4ms  ok=100%
  [✓] invites:listUserInvites n=20                         2444.0 ms
    invites:listUserInvites             tps=  8.18  p50=  122.0ms  p99=  135.1ms  ok=100%
  [✓] invites:listStoreInvites n=20                        2459.5 ms
    invites:listStoreInvites            tps=  8.13  p50=  124.9ms  p99=  132.5ms  ok=100%

  [8b] On-chain elpify-chain executeTrx TPS (n=5, MASM) …
  [✓] elpify-chain:executeTrx(MASM) n=5                     684.7 ms
    elpify-chain:executeTrx  tps=7.302  p50=143.7ms  p99=149.0ms

  [8c] Mixed workload (n=30, interleaved namespaces) …
  [✓] mixed-workload n=30                                  4011.2 ms
    mixed: tps=7.48  mean=133.6ms  p50=128.6ms  p99=169.0ms  errs=0

  [8d] Concurrent burst (10 parallel connections) …
  [✓] concurrent-burst n=10 threads                        1028.5 ms
    concurrent: tps=9.72  p50=920.2ms  p99=1022.7ms  errs=0

──────────────────────────────────────────────────────────────────────
  Workflow 9: federation cross-node propagation
──────────────────────────────────────────────────────────────────────
  [✓] chain:create on node1                                 125.6 ms
  [✓] chain:submitBaseTrx on node1                          124.9 ms
  [✓] elpify-chain:status on node2                          122.2 ms
  [✓] elpify-chain:status on node3                          120.5 ms

──────────────────────────────────────────────────────────────────────
  Workflow 10: concurrent load + resource KPIs  [node1]
──────────────────────────────────────────────────────────────────────
  Monitoring node pids: none (resource KPIs unavailable)

  [10a] WASM execution load — elpify-chain:status (reqs/conn=20)
    c=1   n=20   tps=    8.95  p50=   109.6ms  p99=   132.6ms  err=0    cpu=—%/core  rssPeak=—MB
    c=4   n=80   tps=   11.98  p50=   331.8ms  p99=   475.3ms  err=0    cpu=—%/core  rssPeak=—MB
    c=8   n=160  tps=   11.48  p50=   695.0ms  p99=  1119.1ms  err=0    cpu=—%/core  rssPeak=—MB
    c=16  n=320  tps=    9.51  p50=  1633.3ms  p99=  2658.8ms  err=0    cpu=—%/core  rssPeak=—MB
    c=32  n=640  tps=    8.63  p50=  3658.1ms  p99=  5471.5ms  err=0    cpu=—%/core  rssPeak=—MB

  [10b] MASM execution load — elpify-chain:executeTrx (STARK proof, reqs/conn=5)
    c=1   n=5    tps=    7.49  p50=   134.7ms  p99=   145.2ms  err=0    cpu=—%/core  rssPeak=—MB
    c=2   n=10   tps=   10.32  p50=   185.9ms  p99=   246.7ms  err=0    cpu=—%/core  rssPeak=—MB
    c=4   n=20   tps=   10.44  p50=   398.5ms  p99=   591.7ms  err=0    cpu=—%/core  rssPeak=—MB
    c=8   n=40   tps=    9.80  p50=   733.4ms  p99=  1438.0ms  err=0    cpu=—%/core  rssPeak=—MB
  [✓] wasm:status c=1 (n=20)                               2234.7 ms
  [✓] wasm:status c=4 (n=80)                               6678.1 ms
  [✓] wasm:status c=8 (n=160)                             13941.7 ms
  [✓] wasm:status c=16 (n=320)                            33636.5 ms
  [✓] wasm:status c=32 (n=640)                            74202.9 ms
  [✓] masm:executeTrx c=1 (n=5)                             667.7 ms
  [✓] masm:executeTrx c=2 (n=10)                            968.6 ms
  [✓] masm:executeTrx c=4 (n=20)                           1914.9 ms
  [✓] masm:executeTrx c=8 (n=40)                           4082.9 ms

======================================================================
  TOTAL: 154/154 steps passed
  Results : /home/runner/workflow_results.json
  Report  : /home/runner/workflow_report.md
======================================================================
