Caspar WASM Creature Deployment
================================

============================================================
  Node: node1 (127.0.0.1:8074)
============================================================
  Logged in: 1@global
  Deploying namespace creatures...
    chain: ok (size=326,510, program=5@global, 4.60s)
    elpify-chain: ok (size=379,195, program=8@global, 4.34s)
    invites: ok (size=318,875, program=11@global, 4.06s)
    pc: ok (size=319,154, program=14@global, 3.50s)
    storage: ok (size=317,029, program=17@global, 4.38s)
    stores: ok (size=324,503, program=20@global, 3.71s)
  Deploying endpoint creatures...
    chains/create: ok (3.59s)
    chains/createFromStore: ok (4.73s)
    chains/createShard: ok (3.24s)
    chains/registerNode: ok (3.96s)
    chains/submitBaseTrx: ok (3.64s)
    invites/accept: ok (3.86s)
    invites/cancel: ok (3.61s)
    invites/create: ok (3.49s)
    invites/decline: ok (3.37s)
    invites/listStoreInvites: ok (5.06s)
    invites/listUserInvites: ok (4.48s)
    pc/execCommand: ok (6.02s)
    pc/runPc: ok (6.21s)
    storage/deleteStoreEntity: ok (4.05s)
    storage/deleteUserEntity: ok (4.47s)
    storage/download: ok (5.03s)
    storage/upload: ok (4.06s)
    storage/uploadAppEntity: ok (3.92s)
    storage/uploadStoreEntity: ok (3.07s)
    storage/uploadUserEntity: ok (3.02s)
    stores/addMachine: ok (3.62s)
    stores/addMember: ok (2.93s)
    stores/addProgram: ok (3.17s)
    stores/create: ok (3.27s)
    stores/delete: ok (3.78s)
    stores/get: ok (3.23s)
    stores/getDefaultAccess: ok (3.64s)
    stores/history: ok (3.86s)
    stores/join: ok (4.60s)
    stores/leave: ok (3.45s)
    stores/list: ok (2.83s)

  37 WASM modules deployed successfully.

============================================================
  Node: node2 (127.0.0.1:8174)
============================================================
  Logged in: 1@global
  Deploying namespace creatures...
    chain: ok (size=326,510, program=5@global, 3.67s)
    elpify-chain: ok (size=379,195, program=8@global, 3.43s)
    invites: ok (size=318,875, program=11@global, 3.18s)
    pc: ok (size=319,154, program=14@global, 3.38s)
    storage: ok (size=317,029, program=17@global, 2.96s)
    stores: ok (size=324,503, program=20@global, 3.27s)
  Deploying endpoint creatures...
    chains/create: ok (3.80s)
    chains/createFromStore: ok (3.83s)
    chains/createShard: ok (4.70s)
    chains/registerNode: ok (4.22s)
    chains/submitBaseTrx: ok (4.70s)
    invites/accept: ok (4.36s)
    invites/cancel: ok (5.30s)
    invites/create: ok (5.03s)
    invites/decline: ok (3.63s)
    invites/listStoreInvites: ok (4.83s)
    invites/listUserInvites: ok (4.11s)
    pc/execCommand: ok (6.03s)
    pc/runPc: ok (3.70s)
    storage/deleteStoreEntity: ok (4.58s)
    storage/deleteUserEntity: ok (5.11s)
    storage/download: ok (5.32s)
    storage/upload: ok (3.67s)
    storage/uploadAppEntity: ok (5.12s)
    storage/uploadStoreEntity: ok (4.50s)
    storage/uploadUserEntity: ok (5.09s)
    stores/addMachine: ok (2.79s)
    stores/addMember: ok (2.49s)
    stores/addProgram: ok (5.30s)
    stores/create: ok (2.53s)
    stores/delete: ok (2.76s)
    stores/get: ok (2.88s)
    stores/getDefaultAccess: ok (2.96s)
    stores/history: ok (2.74s)
    stores/join: ok (3.47s)
    stores/leave: ok (3.67s)
    stores/list: ok (3.13s)

  37 WASM modules deployed successfully.

============================================================
  Node: node3 (127.0.0.1:8274)
============================================================
  Logged in: 1@global
  Deploying namespace creatures...
    chain: ok (size=326,510, program=5@global, 2.84s)
    elpify-chain: ok (size=379,195, program=8@global, 2.73s)
    invites: ok (size=318,875, program=11@global, 3.87s)
    pc: ok (size=319,154, program=14@global, 3.10s)
    storage: ok (size=317,029, program=17@global, 3.31s)
    stores: ok (size=324,503, program=20@global, 3.00s)
  Deploying endpoint creatures...
    chains/create: ok (3.62s)
    chains/createFromStore: ok (3.43s)
    chains/createShard: ok (3.93s)
    chains/registerNode: ok (3.94s)
    chains/submitBaseTrx: ok (3.04s)
    invites/accept: ok (3.45s)
    invites/cancel: ok (2.91s)
    invites/create: ok (3.43s)
    invites/decline: ok (2.90s)
    invites/listStoreInvites: ok (3.60s)
    invites/listUserInvites: ok (2.74s)
    pc/execCommand: ok (3.53s)
    pc/runPc: ok (3.52s)
    storage/deleteStoreEntity: ok (3.92s)
    storage/deleteUserEntity: ok (2.90s)
    storage/download: ok (3.40s)
    storage/upload: ok (3.67s)
    storage/uploadAppEntity: ok (4.20s)
    storage/uploadStoreEntity: ok (4.21s)
    storage/uploadUserEntity: ok (3.69s)
    stores/addMachine: ok (3.66s)
    stores/addMember: ok (4.66s)
    stores/addProgram: ok (3.46s)
    stores/create: ok (3.96s)
    stores/delete: ok (3.06s)
    stores/get: ok (2.60s)
    stores/getDefaultAccess: ok (3.10s)
    stores/history: ok (2.76s)
    stores/join: ok (2.84s)
    stores/leave: ok (3.99s)
    stores/list: ok (2.59s)

  37 WASM modules deployed successfully.


Deployment Summary
==================
  node1: completed | 37 deployed | 0 errors
  node2: completed | 37 deployed | 0 errors
  node3: completed | 37 deployed | 0 errors

Report: /home/runner/deployment_report.json
