======================================================================
  Caspar DecillionAI — Complex Creature Workflow Tests
======================================================================
  Nodes: ['node1', 'node2', 'node3']
  MASM:  ['fib.masm', 'hash.masm', 'hello.masm']

  Connecting to node1 (127.0.0.1:8074) …
  Authenticated as 1@global
  Connecting to node2 (127.0.0.1:8174) …
  Authenticated as 1@global
  Connecting to node3 (127.0.0.1:8274) …
  Authenticated as 1@global

──────────────────────────────────────────────────────────────────────
  Workflow 1: chain  [node1]
──────────────────────────────────────────────────────────────────────
  [✓] create workchain                                      126.1 ms
  [✓] createShard                                           128.9 ms
  [✓] registerNode                                          137.8 ms
  [✓] submitBaseTrx                                         155.0 ms

──────────────────────────────────────────────────────────────────────
  Workflow 2: stores  [node1]
──────────────────────────────────────────────────────────────────────
  [✓] create store                                           95.8 ms
  [✓] list stores                                           111.9 ms
  [✓] join store                                             98.9 ms
  [✓] get store                                             101.9 ms

──────────────────────────────────────────────────────────────────────
  Workflow 3: storage  [node1]
──────────────────────────────────────────────────────────────────────
  [✓] upload user entity                                     98.0 ms
  [✓] download entity                                       118.3 ms
  [✓] delete entity                                         120.5 ms

──────────────────────────────────────────────────────────────────────
  Workflow 4: invites  [node1]
──────────────────────────────────────────────────────────────────────
  [✓] create invite                                          97.9 ms
  [✓] listUserInvites                                       116.3 ms
  [✓] listStoreInvites                                      118.4 ms

──────────────────────────────────────────────────────────────────────
  Workflow 6: elpify-chain  [node1]
──────────────────────────────────────────────────────────────────────
  [✓] stake node1 (100)                                     115.7 ms
  [✓] stake node2 (200)                                      88.7 ms
  [✓] stake node3 (300)                                      98.1 ms
  [✓] commit (1@global)                                     114.4 ms
  [✓] commit (validator-2-1@gl)                             120.2 ms
  [✓] commit (validator-3-1@gl)                             118.1 ms
  [✓] reveal (1@global)                                     117.1 ms
  [✓] reveal (validator-2-1@gl)                             122.8 ms
  [✓] reveal (validator-3-1@gl)                             119.7 ms
  [✓] electionTick                                          119.9 ms
    → Elected 3 validators
  [✓] status query                                          140.4 ms
  [✓] executeTrx:fib                                        115.3 ms
  [✓] executeTrx:hash                                       135.8 ms
  [✓] executeTrx:hello                                      139.9 ms
  [✓] tally:fib                                             124.6 ms
  [✓] tally:hash                                            140.3 ms

──────────────────────────────────────────────────────────────────────
  Workflow 7: cross-creature orchestration  [node1]
──────────────────────────────────────────────────────────────────────
  [✓] chain:createFromStore                                  96.6 ms
  [✓] stores:history                                         97.8 ms
  [✓] storage:uploadStoreEntity(chain proof)                102.8 ms
  [✓] elpify-chain:status(via store context)                107.3 ms
  [✓] invites:create(cross-store)                           119.9 ms
  [✓] chain:submitBaseTrx(elpify proof)                     115.9 ms

──────────────────────────────────────────────────────────────────────
  Workflow 8: throughput / TPS  [node1]
──────────────────────────────────────────────────────────────────────
  [8a] Per-creature sequential TPS …
  [✓] elpify-chain:status n=20                             1988.3 ms
    elpify-chain:status                      tps= 10.06  p50=   99.2ms  p99=  118.3ms  ok=100%
  [✓] chain:submitBaseTrx n=20                             1953.9 ms
    chain:submitBaseTrx               tps= 10.24  p50=   97.6ms  p99=  116.7ms  ok=100%
  [✓] stores:list n=20                                     2294.7 ms
    stores:list                        tps=  8.72  p50=  117.8ms  p99=  122.5ms  ok=100%
  [✓] stores:create n=20                                   2279.0 ms
    stores:create                      tps=  8.78  p50=  118.9ms  p99=  127.4ms  ok=100%
  [✓] storage:upload n=20                                  2153.0 ms
    storage:upload                      tps=  9.29  p50=  108.7ms  p99=  122.9ms  ok=100%
  [✓] storage:download n=20                                2389.3 ms
    storage:download                    tps=  8.37  p50=  119.3ms  p99=  138.8ms  ok=100%
  [✓] invites:listUserInvites n=20                         2377.7 ms
    invites:listUserInvites             tps=  8.41  p50=  120.0ms  p99=  130.9ms  ok=100%
  [✓] invites:listStoreInvites n=20                        2354.8 ms
    invites:listStoreInvites            tps=  8.49  p50=  121.0ms  p99=  123.9ms  ok=100%

  [8b] On-chain elpify-chain executeTrx TPS (n=5, MASM) …
  [✓] elpify-chain:executeTrx(MASM) n=5                     605.6 ms
    elpify-chain:executeTrx  tps=8.256  p50=121.3ms  p99=123.8ms

  [8c] Mixed workload (n=30, interleaved namespaces) …
  [✓] mixed-workload n=30                                  3701.8 ms
    mixed: tps=8.10  mean=123.3ms  p50=122.9ms  p99=156.9ms  errs=0

  [8d] Concurrent burst (10 parallel connections) …
  [✓] concurrent-burst n=10 threads                         920.8 ms
    concurrent: tps=10.86  p50=808.6ms  p99=910.9ms  errs=0

──────────────────────────────────────────────────────────────────────
  Workflow 1: chain  [node2]
──────────────────────────────────────────────────────────────────────
  [✓] create workchain                                      109.1 ms
  [✓] createShard                                           124.1 ms
  [✓] registerNode                                          118.0 ms
  [✓] submitBaseTrx                                         117.7 ms

──────────────────────────────────────────────────────────────────────
  Workflow 2: stores  [node2]
──────────────────────────────────────────────────────────────────────
  [✓] create store                                          101.9 ms
  [✓] list stores                                           127.9 ms
  [✓] join store                                            119.1 ms
  [✓] get store                                             120.1 ms

──────────────────────────────────────────────────────────────────────
  Workflow 3: storage  [node2]
──────────────────────────────────────────────────────────────────────
  [✓] upload user entity                                     93.1 ms
  [✓] download entity                                       119.2 ms
  [✓] delete entity                                         131.0 ms

──────────────────────────────────────────────────────────────────────
  Workflow 4: invites  [node2]
──────────────────────────────────────────────────────────────────────
  [✓] create invite                                         122.8 ms
  [✓] listUserInvites                                       126.9 ms
  [✓] listStoreInvites                                      119.9 ms

──────────────────────────────────────────────────────────────────────
  Workflow 6: elpify-chain  [node2]
──────────────────────────────────────────────────────────────────────
  [✓] stake node1 (100)                                     122.8 ms
  [✓] stake node2 (200)                                     124.9 ms
  [✓] stake node3 (300)                                     122.9 ms
  [✓] commit (1@global)                                     117.9 ms
  [✓] commit (validator-2-1@gl)                             115.8 ms
  [✓] commit (validator-3-1@gl)                             122.0 ms
  [✓] reveal (1@global)                                     119.5 ms
  [✓] reveal (validator-2-1@gl)                             120.4 ms
  [✓] reveal (validator-3-1@gl)                             121.9 ms
  [✓] electionTick                                          127.6 ms
    → Elected 3 validators
  [✓] status query                                          126.2 ms
  [✓] executeTrx:fib                                        124.6 ms
  [✓] executeTrx:hash                                       144.2 ms
  [✓] executeTrx:hello                                      143.4 ms
  [✓] tally:fib                                             132.8 ms
  [✓] tally:hash                                            142.0 ms

──────────────────────────────────────────────────────────────────────
  Workflow 7: cross-creature orchestration  [node2]
──────────────────────────────────────────────────────────────────────
  [✓] chain:createFromStore                                 117.9 ms
  [✓] stores:history                                        101.7 ms
  [✓] storage:uploadStoreEntity(chain proof)                100.3 ms
  [✓] elpify-chain:status(via store context)                102.6 ms
  [✓] invites:create(cross-store)                           128.2 ms
  [✓] chain:submitBaseTrx(elpify proof)                     123.5 ms

──────────────────────────────────────────────────────────────────────
  Workflow 8: throughput / TPS  [node2]
──────────────────────────────────────────────────────────────────────
  [8a] Per-creature sequential TPS …
  [✓] elpify-chain:status n=20                             2099.0 ms
    elpify-chain:status                      tps=  9.53  p50=  101.0ms  p99=  127.3ms  ok=100%
  [✓] chain:submitBaseTrx n=20                             2206.9 ms
    chain:submitBaseTrx               tps=  9.06  p50=  109.8ms  p99=  129.9ms  ok=100%
  [✓] stores:list n=20                                     2388.0 ms
    stores:list                        tps=  8.38  p50=  122.8ms  p99=  131.2ms  ok=100%
  [✓] stores:create n=20                                   2372.3 ms
    stores:create                      tps=  8.43  p50=  120.9ms  p99=  127.2ms  ok=100%
  [✓] storage:upload n=20                                  2230.9 ms
    storage:upload                      tps=  8.96  p50=  113.8ms  p99=  124.7ms  ok=100%
  [✓] storage:download n=20                                2320.0 ms
    storage:download                    tps=  8.62  p50=  118.4ms  p99=  125.2ms  ok=100%
  [✓] invites:listUserInvites n=20                         2390.2 ms
    invites:listUserInvites             tps=  8.37  p50=  120.9ms  p99=  132.9ms  ok=100%
  [✓] invites:listStoreInvites n=20                        2325.6 ms
    invites:listStoreInvites            tps=  8.60  p50=  119.9ms  p99=  128.9ms  ok=100%

  [8b] On-chain elpify-chain executeTrx TPS (n=5, MASM) …
  [✓] elpify-chain:executeTrx(MASM) n=5                     618.8 ms
    elpify-chain:executeTrx  tps=8.081  p50=121.9ms  p99=133.2ms

  [8c] Mixed workload (n=30, interleaved namespaces) …
  [✓] mixed-workload n=30                                  4480.5 ms
    mixed: tps=6.70  mean=149.3ms  p50=147.4ms  p99=231.0ms  errs=0

  [8d] Concurrent burst (10 parallel connections) …
  [✓] concurrent-burst n=10 threads                        1029.0 ms
    concurrent: tps=9.72  p50=892.6ms  p99=1024.1ms  errs=0

──────────────────────────────────────────────────────────────────────
  Workflow 1: chain  [node3]
──────────────────────────────────────────────────────────────────────
  [✓] create workchain                                      118.6 ms
  [✓] createShard                                           100.8 ms
  [✓] registerNode                                          100.9 ms
  [✓] submitBaseTrx                                         107.6 ms

──────────────────────────────────────────────────────────────────────
  Workflow 2: stores  [node3]
──────────────────────────────────────────────────────────────────────
  [✓] create store                                          101.1 ms
  [✓] list stores                                           116.9 ms
  [✓] join store                                            101.8 ms
  [✓] get store                                             100.0 ms

──────────────────────────────────────────────────────────────────────
  Workflow 3: storage  [node3]
──────────────────────────────────────────────────────────────────────
  [✓] upload user entity                                     99.9 ms
  [✓] download entity                                       116.0 ms
  [✓] delete entity                                         102.6 ms

──────────────────────────────────────────────────────────────────────
  Workflow 4: invites  [node3]
──────────────────────────────────────────────────────────────────────
  [✓] create invite                                         102.8 ms
  [✓] listUserInvites                                       136.1 ms
  [✓] listStoreInvites                                      106.9 ms

──────────────────────────────────────────────────────────────────────
  Workflow 6: elpify-chain  [node3]
──────────────────────────────────────────────────────────────────────
  [✓] stake node1 (100)                                      96.8 ms
  [✓] stake node2 (200)                                      94.1 ms
  [✓] stake node3 (300)                                      96.5 ms
  [✓] commit (1@global)                                     112.1 ms
  [✓] commit (validator-2-1@gl)                             129.8 ms
  [✓] commit (validator-3-1@gl)                             122.9 ms
  [✓] reveal (1@global)                                     117.0 ms
  [✓] reveal (validator-2-1@gl)                             119.8 ms
  [✓] reveal (validator-3-1@gl)                             122.1 ms
  [✓] electionTick                                          123.0 ms
    → Elected 3 validators
  [✓] status query                                          119.7 ms
  [✓] executeTrx:fib                                        110.8 ms
  [✓] executeTrx:hash                                       134.8 ms
  [✓] executeTrx:hello                                      146.6 ms
  [✓] tally:fib                                             141.3 ms
  [✓] tally:hash                                            119.7 ms

──────────────────────────────────────────────────────────────────────
  Workflow 7: cross-creature orchestration  [node3]
──────────────────────────────────────────────────────────────────────
  [✓] chain:createFromStore                                 124.8 ms
  [✓] stores:history                                        102.2 ms
  [✓] storage:uploadStoreEntity(chain proof)                 98.6 ms
  [✓] elpify-chain:status(via store context)                101.6 ms
  [✓] invites:create(cross-store)                           121.1 ms
  [✓] chain:submitBaseTrx(elpify proof)                     130.8 ms

──────────────────────────────────────────────────────────────────────
  Workflow 8: throughput / TPS  [node3]
──────────────────────────────────────────────────────────────────────
  [8a] Per-creature sequential TPS …
  [✓] elpify-chain:status n=20                             2087.9 ms
    elpify-chain:status                      tps=  9.58  p50=  100.4ms  p99=  125.6ms  ok=100%
  [✓] chain:submitBaseTrx n=20                             2022.2 ms
    chain:submitBaseTrx               tps=  9.89  p50=   99.4ms  p99=  122.7ms  ok=100%
  [✓] stores:list n=20                                     2391.0 ms
    stores:list                        tps=  8.36  p50=  119.8ms  p99=  128.6ms  ok=100%
  [✓] stores:create n=20                                   2316.8 ms
    stores:create                      tps=  8.63  p50=  120.8ms  p99=  131.2ms  ok=100%
  [✓] storage:upload n=20                                  2267.9 ms
    storage:upload                      tps=  8.82  p50=  118.6ms  p99=  124.8ms  ok=100%
  [✓] storage:download n=20                                2368.0 ms
    storage:download                    tps=  8.45  p50=  119.0ms  p99=  126.0ms  ok=100%
  [✓] invites:listUserInvites n=20                         2310.2 ms
    invites:listUserInvites             tps=  8.66  p50=  117.9ms  p99=  126.0ms  ok=100%
  [✓] invites:listStoreInvites n=20                        2356.7 ms
    invites:listStoreInvites            tps=  8.49  p50=  117.7ms  p99=  136.3ms  ok=100%

  [8b] On-chain elpify-chain executeTrx TPS (n=5, MASM) …
  [✓] elpify-chain:executeTrx(MASM) n=5                     645.7 ms
    elpify-chain:executeTrx  tps=7.743  p50=135.0ms  p99=139.8ms

  [8c] Mixed workload (n=30, interleaved namespaces) …
  [✓] mixed-workload n=30                                  3569.6 ms
    mixed: tps=8.40  mean=118.9ms  p50=119.1ms  p99=147.9ms  errs=0

  [8d] Concurrent burst (10 parallel connections) …
  [✓] concurrent-burst n=10 threads                         912.7 ms
    concurrent: tps=10.96  p50=801.0ms  p99=907.2ms  errs=0

──────────────────────────────────────────────────────────────────────
  Workflow 9: federation cross-node propagation
──────────────────────────────────────────────────────────────────────
  [✓] chain:create on node1                                 107.0 ms
  [✓] chain:submitBaseTrx on node1                          112.7 ms
  [✓] elpify-chain:status on node2                          121.1 ms
  [✓] elpify-chain:status on node3                          125.8 ms

──────────────────────────────────────────────────────────────────────
  Workflow 10: concurrent load + resource KPIs  [node1]
──────────────────────────────────────────────────────────────────────
  Monitoring node pids: none (resource KPIs unavailable)

  [10a] WASM execution load — elpify-chain:status (reqs/conn=20)
    c=1   n=20   tps=    9.40  p50=   101.7ms  p99=   130.5ms  err=0    cpu=—%/core  rssPeak=—MB
    c=4   n=80   tps=   13.79  p50=   273.2ms  p99=   438.1ms  err=0    cpu=—%/core  rssPeak=—MB
    c=8   n=160  tps=   13.76  p50=   563.5ms  p99=   967.3ms  err=0    cpu=—%/core  rssPeak=—MB
    c=16  n=320  tps=   13.08  p50=  1195.5ms  p99=  1740.3ms  err=0    cpu=—%/core  rssPeak=—MB
    c=32  n=640  tps=   10.11  p50=  3097.1ms  p99=  4586.4ms  err=0    cpu=—%/core  rssPeak=—MB

  [10b] MASM execution load — elpify-chain:executeTrx (STARK proof, reqs/conn=5)
    c=1   n=5    tps=    8.06  p50=   121.3ms  p99=   139.8ms  err=0    cpu=—%/core  rssPeak=—MB
    c=2   n=10   tps=    8.79  p50=   224.8ms  p99=   243.8ms  err=0    cpu=—%/core  rssPeak=—MB
    c=4   n=20   tps=   11.73  p50=   304.6ms  p99=   499.1ms  err=0    cpu=—%/core  rssPeak=—MB
    c=8   n=40   tps=   11.65  p50=   660.0ms  p99=   995.7ms  err=0    cpu=—%/core  rssPeak=—MB
  [✓] wasm:status c=1 (n=20)                               2127.8 ms
  [✓] wasm:status c=4 (n=80)                               5801.7 ms
  [✓] wasm:status c=8 (n=160)                             11630.6 ms
  [✓] wasm:status c=16 (n=320)                            24461.0 ms
  [✓] wasm:status c=32 (n=640)                            63287.4 ms
  [✓] masm:executeTrx c=1 (n=5)                             620.4 ms
  [✓] masm:executeTrx c=2 (n=10)                           1137.6 ms
  [✓] masm:executeTrx c=4 (n=20)                           1705.1 ms
  [✓] masm:executeTrx c=8 (n=40)                           3432.8 ms

======================================================================
  TOTAL: 154/154 steps passed
  Results : /home/runner/workflow_results.json
  Report  : /home/runner/workflow_report.md
======================================================================
