Caspar WASM Creature Deployment
================================

============================================================
  Node: node1 (127.0.0.1:8074)
============================================================
  Logged in: 1@global
  Deploying namespace creatures...
    chain: ok (size=326,510, program=5@global, 4.61s)
    elpify-chain: ok (size=379,195, program=8@global, 3.51s)
    invites: ok (size=318,875, program=11@global, 2.52s)
    pc: ok (size=319,154, program=14@global, 2.47s)
    storage: ok (size=317,029, program=17@global, 2.44s)
    stores: ok (size=324,503, program=20@global, 2.88s)
  Deploying endpoint creatures...
    chains/create: ok (2.36s)
    chains/createFromStore: ok (3.17s)
    chains/createShard: ok (3.15s)
    chains/registerNode: ok (2.68s)
    chains/submitBaseTrx: ok (2.31s)
    invites/accept: ok (5.22s)
    invites/cancel: ok (3.12s)
    invites/create: ok (3.46s)
    invites/decline: ok (3.39s)
    invites/listStoreInvites: ok (3.26s)
    invites/listUserInvites: ok (3.22s)
    pc/execCommand: ok (3.57s)
    pc/runPc: ok (3.00s)
    storage/deleteStoreEntity: ok (3.08s)
    storage/deleteUserEntity: ok (3.42s)
    storage/download: ok (3.16s)
    storage/upload: ok (3.86s)
    storage/uploadAppEntity: ok (3.87s)
    storage/uploadStoreEntity: ok (3.60s)
    storage/uploadUserEntity: ok (3.60s)
    stores/addMachine: ok (3.56s)
    stores/addMember: ok (5.22s)
    stores/addProgram: ok (3.10s)
    stores/create: ok (4.34s)
    stores/delete: ok (3.82s)
    stores/get: ok (3.89s)
    stores/getDefaultAccess: ok (4.69s)
    stores/history: ok (4.18s)
    stores/join: ok (4.68s)
    stores/leave: ok (4.93s)
    stores/list: ok (3.76s)

  37 WASM modules deployed successfully.

============================================================
  Node: node2 (127.0.0.1:8174)
============================================================
  Logged in: 1@global
  Deploying namespace creatures...
    chain: ok (size=326,510, program=5@global, 4.91s)
    elpify-chain: ok (size=379,195, program=8@global, 4.34s)
    invites: ok (size=318,875, program=11@global, 4.23s)
    pc: ok (size=319,154, program=14@global, 4.82s)
    storage: ok (size=317,029, program=17@global, 5.32s)
    stores: ok (size=324,503, program=20@global, 3.35s)
  Deploying endpoint creatures...
    chains/create: ok (5.12s)
    chains/createFromStore: ok (3.84s)
    chains/createShard: ok (3.28s)
    chains/registerNode: ok (3.93s)
    chains/submitBaseTrx: ok (3.63s)
    invites/accept: ok (2.99s)
    invites/cancel: ok (2.86s)
    invites/create: ok (3.82s)
    invites/decline: ok (3.67s)
    invites/listStoreInvites: ok (2.72s)
    invites/listUserInvites: ok (3.74s)
    pc/execCommand: ok (4.37s)
    pc/runPc: ok (3.25s)
    storage/deleteStoreEntity: ok (4.13s)
    storage/deleteUserEntity: ok (4.54s)
    storage/download: ok (3.68s)
    storage/upload: ok (6.44s)
    storage/uploadAppEntity: ok (4.67s)
    storage/uploadStoreEntity: ok (4.89s)
    storage/uploadUserEntity: ok (3.59s)
    stores/addMachine: ok (4.45s)
    stores/addMember: ok (4.36s)
    stores/addProgram: ok (4.81s)
    stores/create: ok (4.64s)
    stores/delete: ok (4.44s)
    stores/get: ok (4.35s)
    stores/getDefaultAccess: ok (4.15s)
    stores/history: ok (4.87s)
    stores/join: ok (4.47s)
    stores/leave: ok (5.32s)
    stores/list: ok (5.21s)

  37 WASM modules deployed successfully.

============================================================
  Node: node3 (127.0.0.1:8274)
============================================================
  Logged in: 1@global
  Deploying namespace creatures...
    chain: ok (size=326,510, program=5@global, 7.20s)
    elpify-chain: ok (size=379,195, program=8@global, 8.77s)
    invites: ok (size=318,875, program=11@global, 5.09s)
    pc: ok (size=319,154, program=14@global, 5.75s)
    storage: ok (size=317,029, program=17@global, 5.43s)
    stores: ok (size=324,503, program=20@global, 5.02s)
  Deploying endpoint creatures...
    chains/create: ok (3.86s)
    chains/createFromStore: ok (5.34s)
    chains/createShard: ok (5.29s)
    chains/registerNode: ok (6.93s)
    chains/submitBaseTrx: ok (8.40s)
    invites/accept: ok (5.09s)
    invites/cancel: ok (4.05s)
    invites/create: ok (4.19s)
    invites/decline: ok (3.12s)
    invites/listStoreInvites: ok (3.71s)
    invites/listUserInvites: ok (4.04s)
    pc/execCommand: ok (3.77s)
    pc/runPc: ok (3.89s)
    storage/deleteStoreEntity: ok (3.98s)
    storage/deleteUserEntity: ok (3.58s)
    storage/download: ok (4.10s)
    storage/upload: ok (3.27s)
    storage/uploadAppEntity: ok (3.27s)
    storage/uploadStoreEntity: ok (5.51s)
    storage/uploadUserEntity: ok (6.07s)
    stores/addMachine: ok (5.42s)
    stores/addMember: ok (5.03s)
    stores/addProgram: ok (4.69s)
    stores/create: ok (5.06s)
    stores/delete: ok (5.12s)
    stores/get: ok (6.14s)
    stores/getDefaultAccess: ok (5.34s)
    stores/history: ok (9.69s)
    stores/join: ok (5.52s)
    stores/leave: ok (4.86s)
    stores/list: ok (7.47s)

  37 WASM modules deployed successfully.


Deployment Summary
==================
  node1: completed | 37 deployed | 0 errors
  node2: completed | 37 deployed | 0 errors
  node3: completed | 37 deployed | 0 errors

Report: /home/runner/deployment_report.json
