Traceback (most recent call last):
  File "/home/runner/work/caspar/caspar/_decillionai-server/bench/deploy.py", line 220, in deploy_to_node
    client, user_id, priv_pem, send = _reconnect_and_login()
                                      ^^^^^^^^^^^^^^^^^^^^^^
  File "/home/runner/work/caspar/caspar/_decillionai-server/bench/deploy.py", line 206, in _reconnect_and_login
    r = c.send('/creatures/login', {
        ^^^^^^^^^^^^^^^^^^^^^^^^^^^^
  File "/home/runner/work/caspar/caspar/_decillionai-server/bench/caspar_client.py", line 225, in send
    body = read_frame(self.sock)
           ^^^^^^^^^^^^^^^^^^^^^
  File "/home/runner/work/caspar/caspar/_decillionai-server/bench/caspar_client.py", line 74, in read_frame
    length_bytes = _recvall(sock, 4)
                   ^^^^^^^^^^^^^^^^^
  File "/home/runner/work/caspar/caspar/_decillionai-server/bench/caspar_client.py", line 65, in _recvall
    chunk = sock.recv(n - len(data))
            ^^^^^^^^^^^^^^^^^^^^^^^^
TimeoutError: timed out
Traceback (most recent call last):
  File "/home/runner/work/caspar/caspar/_decillionai-server/bench/deploy.py", line 220, in deploy_to_node
    client, user_id, priv_pem, send = _reconnect_and_login()
                                      ^^^^^^^^^^^^^^^^^^^^^^
  File "/home/runner/work/caspar/caspar/_decillionai-server/bench/deploy.py", line 206, in _reconnect_and_login
    r = c.send('/creatures/login', {
        ^^^^^^^^^^^^^^^^^^^^^^^^^^^^
  File "/home/runner/work/caspar/caspar/_decillionai-server/bench/caspar_client.py", line 225, in send
    body = read_frame(self.sock)
           ^^^^^^^^^^^^^^^^^^^^^
  File "/home/runner/work/caspar/caspar/_decillionai-server/bench/caspar_client.py", line 74, in read_frame
    length_bytes = _recvall(sock, 4)
                   ^^^^^^^^^^^^^^^^^
  File "/home/runner/work/caspar/caspar/_decillionai-server/bench/caspar_client.py", line 65, in _recvall
    chunk = sock.recv(n - len(data))
            ^^^^^^^^^^^^^^^^^^^^^^^^
TimeoutError: timed out
Caspar WASM Creature Deployment
================================

============================================================
  Node: node1 (127.0.0.1:8074)
============================================================
  Logged in: 1@global
  Deploying namespace creatures...
    chain: ok (size=326,510, program=5@global, 3.55s)
    elpify-chain: ok (size=379,195, program=8@global, 3.89s)
    invites: ok (size=318,875, program=11@global, 4.39s)
    pc: ok (size=319,154, program=14@global, 3.76s)
    storage: ok (size=317,029, program=17@global, 3.69s)
    stores: ok (size=324,503, program=20@global, 3.12s)
  Deploying endpoint creatures...
    chains/create: ok (3.13s)
    chains/createFromStore: ok (3.71s)
    chains/createShard: ok (4.13s)
    chains/registerNode: error - reconnect failed: timed out
    chains/submitBaseTrx: error - Not connected — call connect() first
    invites/accept: error - Not connected — call connect() first
    invites/cancel: error - Not connected — call connect() first
    invites/create: error - Not connected — call connect() first
    invites/decline: error - Not connected — call connect() first
    invites/listStoreInvites: error - Not connected — call connect() first
    invites/listUserInvites: error - Not connected — call connect() first
    pc/execCommand: error - Not connected — call connect() first
    pc/runPc: error - Not connected — call connect() first
    storage/deleteStoreEntity: error - Not connected — call connect() first
    storage/deleteUserEntity: error - Not connected — call connect() first
    storage/download: error - Not connected — call connect() first
    storage/upload: error - Not connected — call connect() first
    storage/uploadAppEntity: error - Not connected — call connect() first
    storage/uploadStoreEntity: error - Not connected — call connect() first
    storage/uploadUserEntity: error - Not connected — call connect() first
    stores/addMachine: error - Not connected — call connect() first
    stores/addMember: error - Not connected — call connect() first
    stores/addProgram: error - Not connected — call connect() first
    stores/create: error - Not connected — call connect() first
    stores/delete: error - Not connected — call connect() first
    stores/get: error - Not connected — call connect() first
    stores/getDefaultAccess: error - Not connected — call connect() first
    stores/history: error - Not connected — call connect() first
    stores/join: error - Not connected — call connect() first
    stores/leave: error - Not connected — call connect() first
    stores/list: error - Not connected — call connect() first

  9 WASM modules deployed successfully.

============================================================
  Node: node2 (127.0.0.1:8174)
============================================================
  ERROR: timed out

============================================================
  Node: node3 (127.0.0.1:8274)
============================================================
  ERROR: timed out


Deployment Summary
==================
  node1: completed | 9 deployed | 28 errors
    ERROR: reconnect failed: timed out
    ERROR: Not connected — call connect() first
    ERROR: Not connected — call connect() first
  node2: error | 0 deployed | 1 errors
    ERROR: timed out
  node3: error | 0 deployed | 1 errors
    ERROR: timed out

Report: /home/runner/deployment_report.json
