Caspar WASM Creature Deployment
================================

============================================================
  Node: node1 (127.0.0.1:8074)
============================================================
  Logged in: 1@global
  Deploying namespace creatures...
    chain: ok (size=326,510, program=5@global, 3.42s)
    elpify-chain: ok (size=379,195, program=8@global, 3.45s)
    invites: ok (size=318,875, program=11@global, 3.87s)
    pc: ok (size=319,154, program=14@global, 3.39s)
    storage: ok (size=317,029, program=17@global, 2.86s)
    stores: ok (size=324,503, program=20@global, 2.74s)
  Deploying endpoint creatures...
    chains/create: ok (3.68s)
    chains/createFromStore: ok (3.07s)
    chains/createShard: ok (2.47s)
    chains/registerNode: ok (3.06s)
    chains/submitBaseTrx: ok (3.56s)
    invites/accept: ok (2.83s)
    invites/cancel: ok (2.62s)
    invites/create: ok (3.36s)
    invites/decline: ok (2.73s)
    invites/listStoreInvites: ok (2.84s)
    invites/listUserInvites: ok (2.72s)
    pc/execCommand: ok (2.93s)
    pc/runPc: ok (2.87s)
    storage/deleteStoreEntity: ok (2.71s)
    storage/deleteUserEntity: ok (3.51s)
    storage/download: ok (3.90s)
    storage/upload: ok (2.67s)
    storage/uploadAppEntity: ok (3.52s)
    storage/uploadStoreEntity: ok (3.32s)
    storage/uploadUserEntity: ok (4.40s)
    stores/addMachine: ok (4.77s)
    stores/addMember: ok (2.90s)
    stores/addProgram: ok (3.83s)
    stores/create: ok (3.20s)
    stores/delete: ok (4.50s)
    stores/get: ok (3.93s)
    stores/getDefaultAccess: ok (3.12s)
    stores/history: ok (3.77s)
    stores/join: ok (3.54s)
    stores/leave: ok (3.47s)
    stores/list: ok (3.28s)

  37 WASM modules deployed successfully.

============================================================
  Node: node2 (127.0.0.1:8174)
============================================================
  Logged in: 1@global
  Deploying namespace creatures...
    chain: ok (size=326,510, program=5@global, 4.05s)
    elpify-chain: ok (size=379,195, program=8@global, 3.86s)
    invites: ok (size=318,875, program=11@global, 3.91s)
    pc: ok (size=319,154, program=14@global, 4.32s)
    storage: ok (size=317,029, program=17@global, 5.21s)
    stores: ok (size=324,503, program=20@global, 3.40s)
  Deploying endpoint creatures...
    chains/create: ok (3.37s)
    chains/createFromStore: ok (3.73s)
    chains/createShard: ok (3.12s)
    chains/registerNode: ok (2.96s)
    chains/submitBaseTrx: ok (2.32s)
    invites/accept: ok (2.80s)
    invites/cancel: ok (3.29s)
    invites/create: ok (2.65s)
    invites/decline: ok (3.10s)
    invites/listStoreInvites: ok (2.93s)
    invites/listUserInvites: ok (2.65s)
    pc/execCommand: ok (2.66s)
    pc/runPc: ok (3.62s)
    storage/deleteStoreEntity: ok (2.97s)
    storage/deleteUserEntity: ok (4.44s)
    storage/download: ok (3.85s)
    storage/upload: ok (3.10s)
    storage/uploadAppEntity: ok (3.52s)
    storage/uploadStoreEntity: ok (3.46s)
    storage/uploadUserEntity: ok (3.42s)
    stores/addMachine: ok (3.58s)
    stores/addMember: ok (2.77s)
    stores/addProgram: ok (3.43s)
    stores/create: ok (3.06s)
    stores/delete: ok (3.46s)
    stores/get: ok (3.63s)
    stores/getDefaultAccess: ok (3.69s)
    stores/history: ok (3.34s)
    stores/join: ok (3.22s)
    stores/leave: ok (3.10s)
    stores/list: ok (3.83s)

  37 WASM modules deployed successfully.

============================================================
  Node: node3 (127.0.0.1:8274)
============================================================
  Logged in: 1@global
  Deploying namespace creatures...
    chain: ok (size=326,510, program=5@global, 3.58s)
    elpify-chain: ok (size=379,195, program=8@global, 3.34s)
    invites: ok (size=318,875, program=11@global, 3.53s)
    pc: ok (size=319,154, program=14@global, 3.51s)
    storage: ok (size=317,029, program=17@global, 3.28s)
    stores: ok (size=324,503, program=20@global, 3.22s)
  Deploying endpoint creatures...
    chains/create: ok (3.54s)
    chains/createFromStore: ok (3.64s)
    chains/createShard: ok (3.62s)
    chains/registerNode: ok (3.53s)
    chains/submitBaseTrx: ok (3.06s)
    invites/accept: ok (3.15s)
    invites/cancel: ok (2.95s)
    invites/create: ok (2.56s)
    invites/decline: ok (3.82s)
    invites/listStoreInvites: ok (3.99s)
    invites/listUserInvites: ok (3.96s)
    pc/execCommand: ok (2.43s)
    pc/runPc: ok (2.88s)
    storage/deleteStoreEntity: ok (3.46s)
    storage/deleteUserEntity: ok (2.41s)
    storage/download: ok (3.35s)
    storage/upload: ok (2.99s)
    storage/uploadAppEntity: ok (2.75s)
    storage/uploadStoreEntity: ok (3.36s)
    storage/uploadUserEntity: ok (2.93s)
    stores/addMachine: ok (2.73s)
    stores/addMember: ok (2.60s)
    stores/addProgram: ok (2.78s)
    stores/create: ok (3.14s)
    stores/delete: ok (2.84s)
    stores/get: ok (6.00s)
    stores/getDefaultAccess: ok (2.91s)
    stores/history: ok (3.43s)
    stores/join: ok (3.36s)
    stores/leave: ok (2.98s)
    stores/list: ok (3.33s)

  37 WASM modules deployed successfully.


Deployment Summary
==================
  node1: completed | 37 deployed | 0 errors
  node2: completed | 37 deployed | 0 errors
  node3: completed | 37 deployed | 0 errors

Report: /home/runner/deployment_report.json
