Traceback (most recent call last):
  File "/home/runner/work/caspar/caspar/_decillionai-server/bench/deploy.py", line 220, in deploy_to_node
    client, user_id, priv_pem, send = _reconnect_and_login()
                                      ^^^^^^^^^^^^^^^^^^^^^^
  File "/home/runner/work/caspar/caspar/_decillionai-server/bench/deploy.py", line 205, in _reconnect_and_login
    c.connect()
  File "/home/runner/work/caspar/caspar/_decillionai-server/bench/caspar_client.py", line 159, in connect
    self.sock.connect((self.host, self.port))
ConnectionRefusedError: [Errno 111] Connection refused
Traceback (most recent call last):
  File "/home/runner/work/caspar/caspar/_decillionai-server/bench/deploy.py", line 220, in deploy_to_node
    client, user_id, priv_pem, send = _reconnect_and_login()
                                      ^^^^^^^^^^^^^^^^^^^^^^
  File "/home/runner/work/caspar/caspar/_decillionai-server/bench/deploy.py", line 205, in _reconnect_and_login
    c.connect()
  File "/home/runner/work/caspar/caspar/_decillionai-server/bench/caspar_client.py", line 159, in connect
    self.sock.connect((self.host, self.port))
ConnectionRefusedError: [Errno 111] Connection refused
Caspar WASM Creature Deployment
================================

============================================================
  Node: node1 (127.0.0.1:8074)
============================================================
  Logged in: 1@global
  Deploying namespace creatures...
    chain: ok (size=326,510, program=5@global, 3.88s)
    elpify-chain: ok (size=379,195, program=8@global, 2.31s)
    invites: ok (size=318,875, program=11@global, 2.44s)
    pc: ok (size=319,154, program=14@global, 3.16s)
    storage: ok (size=317,029, program=17@global, 13.51s)
    stores: ok (size=324,503, program=20@global, 8.14s)
  Deploying endpoint creatures...
    chains/create: ok (8.89s)
    chains/createFromStore: ok (8.60s)
    chains/createShard: ok (4.41s)
    chains/registerNode: error - timed out
    chains/submitBaseTrx: error - timed out
    invites/accept: error - timed out
    invites/cancel: error - timed out
    invites/create: error - timed out
    invites/decline: error - timed out
    invites/listStoreInvites: error - timed out
    invites/listUserInvites: error - reconnect failed: [Errno 111] Connection refused
    pc/execCommand: error - Not connected — call connect() first
    pc/runPc: error - Not connected — call connect() first
    storage/deleteStoreEntity: error - Not connected — call connect() first
    storage/deleteUserEntity: error - Not connected — call connect() first
    storage/download: error - Not connected — call connect() first
    storage/upload: error - Not connected — call connect() first
    storage/uploadAppEntity: error - Not connected — call connect() first
    storage/uploadStoreEntity: error - Not connected — call connect() first
    storage/uploadUserEntity: error - Not connected — call connect() first
    stores/addMachine: error - Not connected — call connect() first
    stores/addMember: error - Not connected — call connect() first
    stores/addProgram: error - Not connected — call connect() first
    stores/create: error - Not connected — call connect() first
    stores/delete: error - Not connected — call connect() first
    stores/get: error - Not connected — call connect() first
    stores/getDefaultAccess: error - Not connected — call connect() first
    stores/history: error - Not connected — call connect() first
    stores/join: error - Not connected — call connect() first
    stores/leave: error - Not connected — call connect() first
    stores/list: error - Not connected — call connect() first

  9 WASM modules deployed successfully.

============================================================
  Node: node2 (127.0.0.1:8174)
============================================================
  ERROR: [Errno 111] Connection refused

============================================================
  Node: node3 (127.0.0.1:8274)
============================================================
  ERROR: [Errno 111] Connection refused


Deployment Summary
==================
  node1: completed | 9 deployed | 28 errors
    ERROR: timed out
    ERROR: timed out
    ERROR: timed out
  node2: error | 0 deployed | 1 errors
    ERROR: [Errno 111] Connection refused
  node3: error | 0 deployed | 1 errors
    ERROR: [Errno 111] Connection refused

Report: /home/runner/deployment_report.json
