Caspar WASM Creature Deployment
================================

============================================================
  Node: node1 (127.0.0.1:8074)
============================================================
  Logged in: 1@global
  Deploying namespace creatures...
    chain: ok (size=326,510, program=5@global, 5.85s)
    elpify-chain: ok (size=379,195, program=8@global, 4.91s)
    invites: ok (size=318,875, program=11@global, 5.68s)
    pc: ok (size=319,154, program=14@global, 4.75s)
    storage: ok (size=317,029, program=17@global, 5.37s)
    stores: ok (size=324,503, program=20@global, 3.63s)
  Deploying endpoint creatures...
    chains/create: ok (3.54s)
    chains/createFromStore: ok (4.23s)
    chains/createShard: ok (4.33s)
    chains/registerNode: ok (4.31s)
    chains/submitBaseTrx: ok (3.61s)
    invites/accept: ok (4.95s)
    invites/cancel: ok (5.48s)
    invites/create: ok (4.43s)
    invites/decline: ok (3.80s)
    invites/listStoreInvites: ok (4.46s)
    invites/listUserInvites: ok (3.76s)
    pc/execCommand: ok (3.42s)
    pc/runPc: ok (4.14s)
    storage/deleteStoreEntity: ok (4.72s)
    storage/deleteUserEntity: ok (4.52s)
    storage/download: ok (4.04s)
    storage/upload: ok (3.81s)
    storage/uploadAppEntity: ok (4.15s)
    storage/uploadStoreEntity: ok (4.44s)
    storage/uploadUserEntity: ok (3.92s)
    stores/addMachine: ok (4.19s)
    stores/addMember: ok (4.25s)
    stores/addProgram: ok (6.79s)
    stores/create: ok (4.50s)
    stores/delete: ok (3.88s)
    stores/get: ok (3.98s)
    stores/getDefaultAccess: ok (4.59s)
    stores/history: ok (4.38s)
    stores/join: ok (3.81s)
    stores/leave: ok (4.09s)
    stores/list: ok (5.12s)

  37 WASM modules deployed successfully.

============================================================
  Node: node2 (127.0.0.1:8174)
============================================================
  Logged in: 1@global
  Deploying namespace creatures...
    chain: ok (size=326,510, program=5@global, 3.98s)
    elpify-chain: ok (size=379,195, program=8@global, 4.00s)
    invites: ok (size=318,875, program=11@global, 4.84s)
    pc: ok (size=319,154, program=14@global, 4.47s)
    storage: ok (size=317,029, program=17@global, 5.73s)
    stores: ok (size=324,503, program=20@global, 4.60s)
  Deploying endpoint creatures...
    chains/create: ok (3.92s)
    chains/createFromStore: ok (8.20s)
    chains/createShard: ok (6.55s)
    chains/registerNode: ok (5.14s)
    chains/submitBaseTrx: ok (4.95s)
    invites/accept: ok (3.56s)
    invites/cancel: ok (3.80s)
    invites/create: ok (3.20s)
    invites/decline: ok (3.67s)
    invites/listStoreInvites: ok (3.18s)
    invites/listUserInvites: ok (3.85s)
    pc/execCommand: ok (3.94s)
    pc/runPc: ok (3.21s)
    storage/deleteStoreEntity: ok (4.01s)
    storage/deleteUserEntity: ok (3.49s)
    storage/download: ok (3.44s)
    storage/upload: ok (4.63s)
    storage/uploadAppEntity: ok (5.44s)
    storage/uploadStoreEntity: ok (4.08s)
    storage/uploadUserEntity: ok (4.44s)
    stores/addMachine: ok (3.68s)
    stores/addMember: ok (3.92s)
    stores/addProgram: ok (4.67s)
    stores/create: ok (4.00s)
    stores/delete: ok (4.38s)
    stores/get: ok (3.45s)
    stores/getDefaultAccess: ok (3.29s)
    stores/history: ok (3.89s)
    stores/join: ok (4.54s)
    stores/leave: ok (4.08s)
    stores/list: ok (4.01s)

  37 WASM modules deployed successfully.

============================================================
  Node: node3 (127.0.0.1:8274)
============================================================
  Logged in: 1@global
  Deploying namespace creatures...
    chain: ok (size=326,510, program=5@global, 4.60s)
    elpify-chain: ok (size=379,195, program=8@global, 6.65s)
    invites: ok (size=318,875, program=11@global, 6.23s)
    pc: ok (size=319,154, program=14@global, 4.23s)
    storage: ok (size=317,029, program=17@global, 5.26s)
    stores: ok (size=324,503, program=20@global, 6.05s)
  Deploying endpoint creatures...
    chains/create: ok (4.12s)
    chains/createFromStore: ok (4.58s)
    chains/createShard: ok (4.97s)
    chains/registerNode: ok (4.25s)
    chains/submitBaseTrx: ok (5.76s)
    invites/accept: ok (4.85s)
    invites/cancel: ok (4.88s)
    invites/create: ok (4.28s)
    invites/decline: ok (3.71s)
    invites/listStoreInvites: ok (3.73s)
    invites/listUserInvites: ok (3.12s)
    pc/execCommand: ok (2.83s)
    pc/runPc: ok (3.75s)
    storage/deleteStoreEntity: ok (3.25s)
    storage/deleteUserEntity: ok (3.20s)
    storage/download: ok (3.24s)
    storage/upload: ok (3.79s)
    storage/uploadAppEntity: ok (3.14s)
    storage/uploadStoreEntity: ok (4.02s)
    storage/uploadUserEntity: ok (4.09s)
    stores/addMachine: ok (3.86s)
    stores/addMember: ok (3.83s)
    stores/addProgram: ok (3.75s)
    stores/create: ok (4.12s)
    stores/delete: ok (3.75s)
    stores/get: ok (3.87s)
    stores/getDefaultAccess: ok (3.92s)
    stores/history: ok (4.74s)
    stores/join: ok (11.15s)
    stores/leave: ok (12.09s)
    stores/list: ok (5.81s)

  37 WASM modules deployed successfully.


Deployment Summary
==================
  node1: completed | 37 deployed | 0 errors
  node2: completed | 37 deployed | 0 errors
  node3: completed | 37 deployed | 0 errors

Report: /home/runner/deployment_report.json
