Traceback (most recent call last):
  File "/home/runner/work/caspar/caspar/_decillionai-server/bench/deploy.py", line 220, in deploy_to_node
    client, user_id, priv_pem, send = _reconnect_and_login()
                                      ^^^^^^^^^^^^^^^^^^^^^^
  File "/home/runner/work/caspar/caspar/_decillionai-server/bench/deploy.py", line 205, in _reconnect_and_login
    c.connect()
  File "/home/runner/work/caspar/caspar/_decillionai-server/bench/caspar_client.py", line 159, in connect
    self.sock.connect((self.host, self.port))
ConnectionRefusedError: [Errno 111] Connection refused
Traceback (most recent call last):
  File "/home/runner/work/caspar/caspar/_decillionai-server/bench/deploy.py", line 220, in deploy_to_node
    client, user_id, priv_pem, send = _reconnect_and_login()
                                      ^^^^^^^^^^^^^^^^^^^^^^
  File "/home/runner/work/caspar/caspar/_decillionai-server/bench/deploy.py", line 205, in _reconnect_and_login
    c.connect()
  File "/home/runner/work/caspar/caspar/_decillionai-server/bench/caspar_client.py", line 159, in connect
    self.sock.connect((self.host, self.port))
ConnectionRefusedError: [Errno 111] Connection refused
Caspar WASM Creature Deployment
================================

============================================================
  Node: node1 (127.0.0.1:8074)
============================================================
  Logged in: 1@global
  Deploying namespace creatures...
    chain: ok (size=326,510, program=5@global, 2.55s)
    elpify-chain: ok (size=379,195, program=8@global, 2.53s)
    invites: error (size=318,875, program=, 127.09s)
    pc: error (size=319,154, program=, 122.18s)
    storage: error (size=317,029, program=, 122.19s)
    stores: error (size=324,503, program=, 122.19s)
  Deploying endpoint creatures...
    chains/create: error - timed out
    chains/createFromStore: error - timed out
    chains/createShard: error - timed out
    chains/registerNode: error - socket closed while reading
    chains/submitBaseTrx: error - reconnect failed: [Errno 111] Connection refused
    invites/accept: error - Not connected — call connect() first
    invites/cancel: error - Not connected — call connect() first
    invites/create: error - Not connected — call connect() first
    invites/decline: error - Not connected — call connect() first
    invites/listStoreInvites: error - Not connected — call connect() first
    invites/listUserInvites: error - Not connected — call connect() first
    pc/execCommand: error - Not connected — call connect() first
    pc/runPc: error - Not connected — call connect() first
    storage/deleteStoreEntity: error - Not connected — call connect() first
    storage/deleteUserEntity: error - Not connected — call connect() first
    storage/download: error - Not connected — call connect() first
    storage/upload: error - Not connected — call connect() first
    storage/uploadAppEntity: error - Not connected — call connect() first
    storage/uploadStoreEntity: error - Not connected — call connect() first
    storage/uploadUserEntity: error - Not connected — call connect() first
    stores/addMachine: error - Not connected — call connect() first
    stores/addMember: error - Not connected — call connect() first
    stores/addProgram: error - Not connected — call connect() first
    stores/create: error - Not connected — call connect() first
    stores/delete: error - Not connected — call connect() first
    stores/get: error - Not connected — call connect() first
    stores/getDefaultAccess: error - Not connected — call connect() first
    stores/history: error - Not connected — call connect() first
    stores/join: error - Not connected — call connect() first
    stores/leave: error - Not connected — call connect() first
    stores/list: error - Not connected — call connect() first

  2 WASM modules deployed successfully.

============================================================
  Node: node2 (127.0.0.1:8174)
============================================================
  ERROR: [Errno 111] Connection refused

============================================================
  Node: node3 (127.0.0.1:8274)
============================================================
  ERROR: [Errno 111] Connection refused


Deployment Summary
==================
  node1: completed | 2 deployed | 35 errors
    ERROR: timed out
    ERROR: timed out
    ERROR: timed out
  node2: error | 0 deployed | 1 errors
    ERROR: [Errno 111] Connection refused
  node3: error | 0 deployed | 1 errors
    ERROR: [Errno 111] Connection refused

Report: /home/runner/deployment_report.json
